Microchip MPLAB XC8 Compiler V2.41

Linker command line:

-W-3 \
  --edf=C:\Program Files\Microchip\xc8\v2.41\pic\dat\20230208172133_en.msgs \
  -cn -h+dist/default/production\P2FB.X.production.sym \
  --cmf=dist/default/production\P2FB.X.production.cmf -z -Q18F4321 \
  -oC:\Users\BIELCA~1\AppData\Local\Temp\xcAsc44.\driver_tmp_3.o \
  --defsym=__MPLAB_BUILD=1 --fixupoverflow=error \
  -Mdist/default/production/P2FB.X.production.map \
  --md=C:\Users\BIELCA~1\AppData\Local\Temp\xcAsc44.\driver_tmp_0.dat -E1 \
  -ver=XC8 Compiler --acfsm=1493 -ACODE=00h-01FFFh -ACONST=00h-01FFFh \
  -ASMALLCONST=0200h-02FFhx30 -AMEDIUMCONST=0200h-01FFFh -ACOMRAM=01h-07Fh \
  -AABS1=00h-01FFh -ABIGRAM=01h-01FFh -ARAM=080h-0FFh,0100h-01FFh \
  -ABANK0=080h-0FFh -ABANK1=0100h-01FFh -ASFR=0F80h-0FFFh \
  -ABIGSFR=0F80h-0FFFh -ACONFIG=0300000h-030000Dh -AIDLOC=0200000h-0200007h \
  -AEEDATA=0F00000h-0F000FFh -peeprom_data=EEDATA \
  -preset_vec=00h,intcode=08h,intcodelo,powerup,init -pramtop=0200h \
  -psmallconst=SMALLCONST -pmediumconst=MEDIUMCONST -pconst=CONST \
  -AFARRAM=00h-00h \
  -prdata=COMRAM,nvrram=COMRAM,nvbit=COMRAM,rbss=COMRAM,rbit=COMRAM \
  -pfarbss=FARRAM,fardata=FARRAM,nvFARRAM=FARRAM \
  -pintsave_regs=BIGRAM,bigbss=BIGRAM,bigdata=BIGRAM -pbss=RAM \
  -pidata=CODE,irdata=CODE,ibigdata=CODE,ifardata=CODE -prparam=COMRAM \
  C:\Users\BIELCA~1\AppData\Local\Temp\xcAsc44.\driver_tmp_9.o \
  dist/default/production\P2FB.X.production.o 

Object code version is 3.11

Machine type is 18F4321



                Name                               Link     Load   Length Selector   Space Scale
C:\Users\BIELCA~1\AppData\Local\Temp\xcAsc44.\driver_tmp_9.o
                idloc                            200000   200000        8        0       5
                config                           300000   300000        E        0       4
                init                                 14       14        4        4       0
                reset_vec                             0        0        4        0       0
dist/default/production\P2FB.X.production.o
                intcode                               8        8        C        4       0
                idloc                            200000   200000        8        0       5
                config                           300000   300000        E        0       4
                temp                                 77       77        1        1       1
                mediumconst                        1ED0     1ED0      130      F68       0
                text83                             158A     158A       12        4       0
                text81                             1242     1242       3A        4       0
                text80                             146C     146C       1E        4       0
                text79                             144E     144E       1E        4       0
                text78                             153A     153A       16        4       0
                text77                             1108     1108       54        4       0
                text76                              A30      A30       E2        4       0
                text75                             1564     1564       14        4       0
                text74                             11AE     11AE       4E        4       0
                text73                             16B6     16B6        6        4       0
                text72                              FDE      FDE       6C        4       0
                text71                              F72      F72       6C        4       0
                text70                             14A6     14A6       1C        4       0
                text69                             1312     1312       2C        4       0
                text68                             11FC     11FC       46        4       0
                text67                             150C     150C       18        4       0
                text66                             1660     1660        A        4       0
                text65                             168A     168A        8        4       0
                text64                             127C     127C       38        4       0
                text63                              E90      E90       76        4       0
                text62                             13E0     13E0       28        4       0
                text61                             15AC     15AC       10        4       0
                text60                             16B0     16B0        6        4       0
                text59                             1682     1682        8        4       0
                text58                             16AA     16AA        6        4       0
                text57                             1550     1550       14        4       0
                text56                              552      552      182        4       0
                text55                             167A     167A        8        4       0
                text54                             104A     104A       64        4       0
                text53                             13B8     13B8       28        4       0
                text52                             14C2     14C2       1A        4       0
                text51                             14F4     14F4       18        4       0
                text50                              1F8      1F8      1C6        4       0
                text49                              D20      D20       82        4       0
                text48                              BE8      BE8       B2        4       0
                text47                              F06      F06       6C        4       0
                text46                             1656     1656        A        4       0
                text45                             164C     164C        A        4       0
                text44                             12B4     12B4       30        4       0
                text43                             15E6     15E6        E        4       0
                text42                             1578     1578       12        4       0
                text41                             15D8     15D8        E        4       0
                text40                             159C     159C       10        4       0
                text39                             1672     1672        8        4       0
                text38                             133E     133E       2A        4       0
                text37                             1408     1408       24        4       0
                text36                             10AE     10AE       5A        4       0
                text35                             12E4     12E4       2E        4       0
                text34                             16D0     16D0        4        4       0
                text33                             16CC     16CC        4        4       0
                text32                             16C8     16C8        4        4       0
                text31                             1618     1618        C        4       0
                text30                             1642     1642        A        4       0
                text29                               18       18      1E0        4       0
                text28                             160C     160C        C        4       0
                text27                             148A     148A       1C        4       0
                text26                             15CA     15CA        E        4       0
                text25                             16C4     16C4        4        4       0
                text24                              C9A      C9A       86        4       0
                text23                             16C0     16C0        4        4       0
                text22                             16A4     16A4        6        4       0
                text21                             169E     169E        6        4       0
                text20                              B12      B12       D6        4       0
                text19                             1600     1600        C        4       0
                text18                              6D4      6D4      154        4       0
                text17                             16BC     16BC        4        4       0
                text16                             15BC     15BC        E        4       0
                text15                             1390     1390       28        4       0
                text14                              E1A      E1A       76        4       0
                text13                              3BE      3BE      194        4       0
                text12                             1698     1698        6        4       0
                text11                             1638     1638        A        4       0
                text10                             162E     162E        A        4       0
                text9                               828      828      11C        4       0
                text8                              166A     166A        8        4       0
                text7                               944      944       EC        4       0
                text6                              1524     1524       16        4       0
                text5                              142C     142C       22        4       0
                text4                              15F4     15F4        C        4       0
                text3                              1368     1368       28        4       0
                text2                              1624     1624        A        4       0
                text1                              1692     1692        6        4       0
                text0                               DA2      DA2       78        4       0
                cstackCOMRAM                         5C       5C       1B        1       1
                bssBANK1                            100      100       50      100       1
                dataBANK0                            C8       C8       18       80       1
                bssBANK0                             80       80       48       80       1
                bssCOMRAM                             1        1       5B        1       1
                cinit                              115C     115C       52        4       0
                idataBANK0                         14DC     14DC       18        4       0

TOTAL           Name                               Link     Load   Length     Space
        CLASS   CODE           
                intcode                               8        8        C         0
                init                                 14       14        4         0
                reset_vec                             0        0        4         0
                text83                             158A     158A       12         0
                text81                             1242     1242       3A         0
                text80                             146C     146C       1E         0
                text79                             144E     144E       1E         0
                text78                             153A     153A       16         0
                text77                             1108     1108       54         0
                text76                              A30      A30       E2         0
                text75                             1564     1564       14         0
                text74                             11AE     11AE       4E         0
                text73                             16B6     16B6        6         0
                text72                              FDE      FDE       6C         0
                text71                              F72      F72       6C         0
                text70                             14A6     14A6       1C         0
                text69                             1312     1312       2C         0
                text68                             11FC     11FC       46         0
                text67                             150C     150C       18         0
                text66                             1660     1660        A         0
                text65                             168A     168A        8         0
                text64                             127C     127C       38         0
                text63                              E90      E90       76         0
                text62                             13E0     13E0       28         0
                text61                             15AC     15AC       10         0
                text60                             16B0     16B0        6         0
                text59                             1682     1682        8         0
                text58                             16AA     16AA        6         0
                text57                             1550     1550       14         0
                text56                              552      552      182         0
                text55                             167A     167A        8         0
                text54                             104A     104A       64         0
                text53                             13B8     13B8       28         0
                text52                             14C2     14C2       1A         0
                text51                             14F4     14F4       18         0
                text50                              1F8      1F8      1C6         0
                text49                              D20      D20       82         0
                text48                              BE8      BE8       B2         0
                text47                              F06      F06       6C         0
                text46                             1656     1656        A         0
                text45                             164C     164C        A         0
                text44                             12B4     12B4       30         0
                text43                             15E6     15E6        E         0
                text42                             1578     1578       12         0
                text41                             15D8     15D8        E         0
                text40                             159C     159C       10         0
                text39                             1672     1672        8         0
                text38                             133E     133E       2A         0
                text37                             1408     1408       24         0
                text36                             10AE     10AE       5A         0
                text35                             12E4     12E4       2E         0
                text34                             16D0     16D0        4         0
                text33                             16CC     16CC        4         0
                text32                             16C8     16C8        4         0
                text31                             1618     1618        C         0
                text30                             1642     1642        A         0
                text29                               18       18      1E0         0
                text28                             160C     160C        C         0
                text27                             148A     148A       1C         0
                text26                             15CA     15CA        E         0
                text25                             16C4     16C4        4         0
                text24                              C9A      C9A       86         0
                text23                             16C0     16C0        4         0
                text22                             16A4     16A4        6         0
                text21                             169E     169E        6         0
                text20                              B12      B12       D6         0
                text19                             1600     1600        C         0
                text18                              6D4      6D4      154         0
                text17                             16BC     16BC        4         0
                text16                             15BC     15BC        E         0
                text15                             1390     1390       28         0
                text14                              E1A      E1A       76         0
                text13                              3BE      3BE      194         0
                text12                             1698     1698        6         0
                text11                             1638     1638        A         0
                text10                             162E     162E        A         0
                text9                               828      828      11C         0
                text8                              166A     166A        8         0
                text7                               944      944       EC         0
                text6                              1524     1524       16         0
                text5                              142C     142C       22         0
                text4                              15F4     15F4        C         0
                text3                              1368     1368       28         0
                text2                              1624     1624        A         0
                text1                              1692     1692        6         0
                text0                               DA2      DA2       78         0
                cinit                              115C     115C       52         0
                idataBANK0                         14DC     14DC       18         0

        CLASS   CONST          

        CLASS   SMALLCONST     

        CLASS   MEDIUMCONST    
                mediumconst                        1ED0     1ED0      130         0

        CLASS   COMRAM         
                temp                                 77       77        1         1
                cstackCOMRAM                         5C       5C       1B         1
                bssCOMRAM                             1        1       5B         1

        CLASS   ABS1           

        CLASS   BIGRAM         

        CLASS   RAM            

        CLASS   BANK0          
                dataBANK0                            C8       C8       18         1
                bssBANK0                             80       80       48         1

        CLASS   BANK1          
                bssBANK1                            100      100       50         1

        CLASS   SFR            

        CLASS   BIGSFR         

        CLASS   CONFIG         
                config                           300000   300000        E         4

        CLASS   IDLOC          
                idloc                            200000   200000        8         5

        CLASS   EEDATA         

        CLASS   FARRAM         

        CLASS   HEAP           

        CLASS   STACK          



SEGMENTS        Name                           Load    Length   Top    Selector   Space  Class

                reset_vec                      000000  000004  000004         0       0  CODE    
                bssCOMRAM                      000001  000077  000078         1       1  COMRAM  
                intcode                        000008  0016CC  0016D4         4       0  CODE    
                bssBANK0                       000080  000060  0000E0        80       1  BANK0   
                bssBANK1                       000100  000050  000150       100       1  BANK1   
                mediumconst                    001ED0  000130  002000       F68       0  MEDIUMCO


UNUSED ADDRESS RANGES

        Name                Unused          Largest block    Delta
        BANK0            0000E0-0000FF               20
        BANK1            000150-0001FF               B0
        BIGRAM           000078-00007F                8
                         0000E0-0000FF               20
                         000150-0001FF               B0
        BIGSFR           000F80-000FFF               80
        CODE             000004-000007                4
                         0016D4-001ECF              7FC
        COMRAM           000078-00007F                8
        CONST            000004-000007                4
                         0016D4-001ECF              7FC
        EEDATA           F00000-F000FF              100
        MEDIUMCONST      0016D4-001ECF              7FC
        RAM              0000E0-0000FF               20
                         000150-0001FF               B0
        SFR              000F80-000FFF               80
        SMALLCONST       0016D4-001ECF              100

                                  Symbol Table

?_TI_GetTics                     cstackCOMRAM 00005C
BUZZ_Play@note                   cstackCOMRAM 00005D
CNT_GetTime@index                cstackCOMRAM 00005C
CNT_Motor@aux                    cstackCOMRAM 000074
CantaData@Data                   cstackCOMRAM 00005E
CantaIR@IR                       cstackCOMRAM 00005E
CantaPartAlta@c                  cstackCOMRAM 00005D
CantaPartBaixa@c                 cstackCOMRAM 00005D
EscriuPrimeraOrdre@ordre         cstackCOMRAM 00005D
Espera@Timer                     cstackCOMRAM 00006E
Espera@ms                        cstackCOMRAM 000069
JOY_GetMove@aux                  cstackCOMRAM 00005C
KPAD_GetChar@aux                 cstackCOMRAM 000060
KPAD_Motor@currCol               cstackCOMRAM 000075
KPAD_Motor@currRow               cstackCOMRAM 000074
LCD_GotoXY@Column                cstackCOMRAM 000070
LCD_GotoXY@Fisics                cstackCOMRAM 00006F
LCD_GotoXY@Row                   cstackCOMRAM 00006A
LCD_Init@columns                 cstackCOMRAM 00006F
LCD_Init@i                       cstackCOMRAM 000071
LCD_Init@rows                    cstackCOMRAM 000070
LCD_PreviewChar@c                cstackCOMRAM 000071
LCD_PutChar@c                    cstackCOMRAM 000071
LCD_PutString@s                  cstackCOMRAM 00005E
MENU_Motor@aux                   cstackCOMRAM 000076
MQ_PutString@line                cstackCOMRAM 000071
MQ_PutString@s                   cstackCOMRAM 00006F
MRCD_Motor@aux                   cstackCOMRAM 000076
PL10                             text14       000E76
PL12                             text50       000394
PL14                             text76       000AF6
PL16                             text13       00053E
PL18                             text77       00114C
PL2                              text81       00126C
PL20                             text9        00093A
PL22                             text64       00129C
PL24                             text49       000D94
PL26                             text50       0003A6
PL28                             text7        000A22
PL30                             text47       000F66
PL32                             text29       0001E8
PL34                             text14       000E80
PL36                             text14       000E88
PL38                             text24       000D0A
PL4                              text76       000AE4
PL40                             text56       0006CE
PL42                             text36       0010FE
PL44                             text50       0003B4
PL46                             text76       000B08
PL48                             text18       00081E
PL50                             text68       001238
PL52                             text64       0012AA
PL54                             text24       000D16
PL56                             text48       000C92
PL58                             text52       0014D4
PL6                              text47       000F4C
PL60                             text13       00054A
PL62                             text67       00151C
PL64                             text29       0001F0
PL8                              text24       000CFA
PORT_Motor@aux                   cstackCOMRAM 000074
SAVE_PutRecording@id             cstackCOMRAM 00005E
SAVE_PutRecording@timestamp      cstackCOMRAM 00005F
SIO_PutChar@Valor                cstackCOMRAM 00005C
TI_CloseTimer@TimerHandle        cstackCOMRAM 00005C
TI_GetTics@CopiaTicsActual       cstackCOMRAM 000064
TI_GetTics@TimerHandle           cstackCOMRAM 000068
TI_Init@counter                  cstackCOMRAM 00005C
TI_NewTimer@Comptador            cstackCOMRAM 00005E
TI_NewTimer@TimerHandle          cstackCOMRAM 00005C
TI_ResetTics@TimerHandle         cstackCOMRAM 00005C
TI_Wait40ms@Timer                cstackCOMRAM 000069
WaitForBusy@Busy                 cstackCOMRAM 000069
_ADCON0bits                      (abs)        000FC2
_ADCON1                          (abs)        000FC1
_ADCON2                          (abs)        000FC0
_ADRESH                          (abs)        000FC4
_BAUDCONbits                     (abs)        000FB8
_BUZZ_Init                       text80       00146C
_BUZZ_Motor                      text76       000A30
_BUZZ_Play                       text78       00153A
_BUZZ_PlayMelody                 text27       00148A
_CNT_GetTime                     text26       0015CA
_CNT_GetTimeArr                  text25       0016C4
_CNT_Init                        text75       001564
_CNT_ModifyTime                  text44       0012B4
_CNT_Motor                       text56       000552
_CNT_ResetTime                   text11       001638
_CNT_ShowTime                    text43       0015E6
_CantaData                       text64       00127C
_CantaIR                         text70       0014A6
_CantaPartAlta                   text72       000FDE
_CantaPartBaixa                  text71       000F72
_ColumnAct                       bssCOMRAM    000035
_Columns                         bssCOMRAM    000037
_EEADR                           (abs)        000FA9
_EECON1bits                      (abs)        000FA6
_EECON2                          (abs)        000FA7
_EEDATA                          (abs)        000FA8
_EscriuPrimeraOrdre              text49       000D20
_Espera                          text69       001312
_HighRSI                         intcode      000008
_INTCONbits                      (abs)        000FF2
_JOY_Disable                     text32       0016C8
_JOY_Enable                      text60       0016B0
_JOY_GetMove                     text42       001578
_JOY_Init                        text55       00167A
_JOY_Motor                       text54       00104A
_KPAD_GetChar                    text74       0011AE
_KPAD_GetChar$576                cstackCOMRAM 00005E
_KPAD_INT_VALUES                 mediumconst  001EF5
_KPAD_Init                       text53       0013B8
_KPAD_Motor                      text50       0001F8
_KPAD_NOTES                      mediumconst  001ED1
_KPAD_NO_SMS                     mediumconst  001EDD
_KPAD_PRESSES                    mediumconst  001EE9
_KPAD_SetSMS                     text10       00162E
_KPAD_StartInput                 text59       001682
_KPAD_StopInput                  text73       0016B6
_KPAD_UnsetSMS                   text58       0016AA
_KPAD_VALUES                     dataBANK0    0000C8
_LATBbits                        (abs)        000F8A
_LATDbits                        (abs)        000F8C
_LCD_Clear                       text67       00150C
_LCD_CursorOff                   text66       001660
_LCD_CursorOn                    text45       00164C
_LCD_GotoXY                      text63       000E90
_LCD_GotoXY$784                  cstackCOMRAM 00006D
_LCD_Init                        text48       000BE8
_LCD_IsAvailable                 text65       00168A
_LCD_Motor                       text47       000F06
_LCD_PreviewChar                 text52       0014C2
_LCD_PutChar                     text62       0013E0
_LCD_PutString                   text61       0015AC
_MELODY                          mediumconst  001F01
_MENU_Init                       text46       001656
_MENU_Mostrar                    text57       001550
_MENU_Motor                      text29       000018
_MENU_OptionDown                 text41       0015D8
_MENU_OptionUp                   text40       00159C
_MICRO_Init                      text28       00160C
_MICRO_ListenAndSend             text38       00133E
_MICRO_Motor                     text20       000B12
_MQ_Clear                        text31       001618
_MQ_Init                         text19       001600
_MQ_Motor                        text18       0006D4
_MQ_PutString                    text36       0010AE
_MQ_PutString$1268               cstackCOMRAM 000072
_MRCD_Init                       text17       0016BC
_MRCD_Mostrar                    text35       0012E4
_MRCD_Motor                      text13       0003BE
_MRCD_OptionDown                 text16       0015BC
_MRCD_OptionUp                   text15       001390
_PIR1bits                        (abs)        000F9E
_PORTB                           (abs)        000F81
_PORTC                           (abs)        000F82
_PORTCbits                       (abs)        000F82
_PORTDbits                       (abs)        000F83
_PORT_GetName                    text34       0016D0
_PORT_Init                       text12       001698
_PORT_Mostrar                    text33       0016CC
_PORT_Motor                      text9        000828
_RCONbits                        (abs)        000FD0
_RCREG                           (abs)        000FAE
_RCSTA                           (abs)        000FAB
_RSI_Timer0                      text83       00158A
_RowAct                          bssCOMRAM    000036
_Rows                            bssCOMRAM    000038
_SAVE_Init                       text8        00166A
_SAVE_Motor                      text7        000944
_SAVE_PutRecording               text24       000C9A
_SIO_GetChar                     text23       0016C0
_SIO_Init                        text6        001524
_SIO_PutChar                     text39       001672
_SIO_RXAvailable                 text22       0016A4
_SIO_TXAvailable                 text21       00169E
_SPBRG                           (abs)        000FAF
_SPBRGH                          (abs)        000FB0
_T0CON                           (abs)        000FD5
_TI_CloseTimer                   text4        0015F4
_TI_GetTics                      text77       001108
_TI_Init                         text5        00142C
_TI_NewTimer                     text81       001242
_TI_ResetTics                    text79       00144E
_TI_Wait40ms                     text3        001368
_TMR0                            (abs)        000FD6
_TMR0IF                          (abs)        007F92
_TMR0L                           (abs)        000FD6
_TRISAbits                       (abs)        000F92
_TRISBbits                       (abs)        000F93
_TRISCbits                       (abs)        000F94
_TRISDbits                       (abs)        000F95
_TXREG                           (abs)        000FAD
_TXSTA                           (abs)        000FAC
_Tics                            bssCOMRAM    000005
_Timer                           bssCOMRAM    000059
_Timers                          bssBANK1     000100
_WaitForBusy                     text68       0011FC
__HRAM                           (abs)        000000
__H__absolute__                  __absolute__ 000000
__Habs1                          abs1         000000
__Hbank0                         bank0        000000
__Hbank1                         bank1        000000
__Hbigbss                        bigbss       000000
__Hbigdata                       bigdata      000000
__Hbigram                        bigram       000000
__Hbigsfr                        bigsfr       000000
__Hbss                           bss          000000
__HbssBANK0                      bssBANK0     000000
__HbssBANK1                      bssBANK1     000000
__HbssCOMRAM                     bssCOMRAM    000000
__Hcinit                         cinit        000000
__Hclrtext                       clrtext      000000
__Hcomram                        comram       000000
__Hconfig                        config       30000E
__Hconst                         const        000000
__HcstackCOMRAM                  cstackCOMRAM 000000
__Hdata                          data         000000
__HdataBANK0                     dataBANK0    000000
__Heeprom_data                   eeprom_data  000000
__Hfarbss                        farbss       000000
__Hfardata                       fardata      000000
__Hheap                          heap         000000
__Hibigdata                      ibigdata     000000
__Hidata                         idata        000000
__HidataBANK0                    idataBANK0   000000
__Hidloc                         idloc        200008
__Hifardata                      ifardata     000000
__Hinit                          init         000018
__Hintcode                       intcode      000014
__Hintcode_body                  intcode_body 000000
__Hintcodelo                     intcodelo    000014
__Hintentry                      intentry     000000
__Hintret                        intret       000000
__Hintsave_regs                  intsave_regs 000000
__Hirdata                        irdata       000000
__Hmediumconst                   mediumconst  002000
__HnvFARRAM                      nvFARRAM     000000
__Hnvbit                         nvbit        000000
__Hnvrram                        nvrram       000000
__Hpa_nodes0                     pa_nodes0    000000
__Hparam                         rparam       000000
__Hpowerup                       powerup      000014
__Hram                           ram          000000
__Hramtop                        ramtop       000200
__Hrbit                          rbit         000000
__Hrbss                          rbss         000000
__Hrdata                         rdata        000000
__Hreset_vec                     reset_vec    000004
__Hrparam                        rparam       000000
__Hsfr                           sfr          000000
__Hsmallconst                    smallconst   000000
__Hspace_0                       (abs)        002000
__Hspace_1                       (abs)        000150
__Hspace_2                       (abs)        000000
__Hspace_4                       (abs)        60000E
__Hstack                         stack        000000
__Hstruct                        struct       000000
__Htemp                          temp         000078
__Htext                          text         000000
__Htext0                         text0        000000
__Htext1                         text1        000000
__Htext10                        text10       000000
__Htext11                        text11       000000
__Htext12                        text12       000000
__Htext13                        text13       000000
__Htext14                        text14       000000
__Htext15                        text15       000000
__Htext16                        text16       000000
__Htext17                        text17       000000
__Htext18                        text18       000000
__Htext19                        text19       000000
__Htext2                         text2        000000
__Htext20                        text20       000000
__Htext21                        text21       000000
__Htext22                        text22       000000
__Htext23                        text23       000000
__Htext24                        text24       000000
__Htext25                        text25       000000
__Htext26                        text26       000000
__Htext27                        text27       000000
__Htext28                        text28       000000
__Htext29                        text29       000000
__Htext3                         text3        000000
__Htext30                        text30       000000
__Htext31                        text31       000000
__Htext32                        text32       000000
__Htext33                        text33       000000
__Htext34                        text34       000000
__Htext35                        text35       000000
__Htext36                        text36       000000
__Htext37                        text37       000000
__Htext38                        text38       000000
__Htext39                        text39       000000
__Htext4                         text4        000000
__Htext40                        text40       000000
__Htext41                        text41       000000
__Htext42                        text42       000000
__Htext43                        text43       000000
__Htext44                        text44       000000
__Htext45                        text45       000000
__Htext46                        text46       000000
__Htext47                        text47       000000
__Htext48                        text48       000000
__Htext49                        text49       000000
__Htext5                         text5        000000
__Htext50                        text50       000000
__Htext51                        text51       000000
__Htext52                        text52       000000
__Htext53                        text53       000000
__Htext54                        text54       000000
__Htext55                        text55       000000
__Htext56                        text56       000000
__Htext57                        text57       000000
__Htext58                        text58       000000
__Htext59                        text59       000000
__Htext6                         text6        000000
__Htext60                        text60       000000
__Htext61                        text61       000000
__Htext62                        text62       000000
__Htext63                        text63       000000
__Htext64                        text64       000000
__Htext65                        text65       000000
__Htext66                        text66       000000
__Htext67                        text67       000000
__Htext68                        text68       000000
__Htext69                        text69       000000
__Htext7                         text7        000000
__Htext70                        text70       000000
__Htext71                        text71       000000
__Htext72                        text72       000000
__Htext73                        text73       000000
__Htext74                        text74       000000
__Htext75                        text75       000000
__Htext76                        text76       000000
__Htext77                        text77       000000
__Htext78                        text78       000000
__Htext79                        text79       000000
__Htext8                         text8        000000
__Htext80                        text80       000000
__Htext81                        text81       000000
__Htext83                        text83       000000
__Htext9                         text9        000000
__LRAM                           (abs)        000001
__L__absolute__                  __absolute__ 000000
__Labs1                          abs1         000000
__Lbank0                         bank0        000000
__Lbank1                         bank1        000000
__Lbigbss                        bigbss       000000
__Lbigdata                       bigdata      000000
__Lbigram                        bigram       000000
__Lbigsfr                        bigsfr       000000
__Lbss                           bss          000000
__LbssBANK0                      bssBANK0     000000
__LbssBANK1                      bssBANK1     000000
__LbssCOMRAM                     bssCOMRAM    000000
__Lcinit                         cinit        000000
__Lclrtext                       clrtext      000000
__Lcomram                        comram       000000
__Lconfig                        config       000000
__Lconst                         const        000000
__LcstackCOMRAM                  cstackCOMRAM 000000
__Ldata                          data         000000
__LdataBANK0                     dataBANK0    000000
__Leeprom_data                   eeprom_data  000000
__Lfarbss                        farbss       000000
__Lfardata                       fardata      000000
__Lheap                          heap         000000
__Libigdata                      ibigdata     000000
__Lidata                         idata        000000
__LidataBANK0                    idataBANK0   000000
__Lidloc                         idloc        000000
__Lifardata                      ifardata     000000
__Linit                          init         000014
__Lintcode                       intcode      000008
__Lintcode_body                  intcode_body 000000
__Lintcodelo                     intcodelo    000014
__Lintentry                      intentry     000000
__Lintret                        intret       000000
__Lintsave_regs                  intsave_regs 000000
__Lirdata                        irdata       000000
__Lmediumconst                   mediumconst  001ED0
__LnvFARRAM                      nvFARRAM     000000
__Lnvbit                         nvbit        000000
__Lnvrram                        nvrram       000000
__Lpa_nodes0                     pa_nodes0    000000
__Lparam                         rparam       000000
__Lpowerup                       powerup      000014
__Lram                           ram          000000
__Lramtop                        ramtop       000200
__Lrbit                          rbit         000000
__Lrbss                          rbss         000000
__Lrdata                         rdata        000000
__Lreset_vec                     reset_vec    000000
__Lrparam                        rparam       000000
__Lsfr                           sfr          000000
__Lsmallconst                    smallconst   000000
__Lspace_0                       (abs)        000000
__Lspace_1                       (abs)        000000
__Lspace_2                       (abs)        000000
__Lspace_4                       (abs)        000000
__Lstack                         stack        000000
__Lstruct                        struct       000000
__Ltemp                          temp         000077
__Ltext                          text         000000
__Ltext0                         text0        000000
__Ltext1                         text1        000000
__Ltext10                        text10       000000
__Ltext11                        text11       000000
__Ltext12                        text12       000000
__Ltext13                        text13       000000
__Ltext14                        text14       000000
__Ltext15                        text15       000000
__Ltext16                        text16       000000
__Ltext17                        text17       000000
__Ltext18                        text18       000000
__Ltext19                        text19       000000
__Ltext2                         text2        000000
__Ltext20                        text20       000000
__Ltext21                        text21       000000
__Ltext22                        text22       000000
__Ltext23                        text23       000000
__Ltext24                        text24       000000
__Ltext25                        text25       000000
__Ltext26                        text26       000000
__Ltext27                        text27       000000
__Ltext28                        text28       000000
__Ltext29                        text29       000000
__Ltext3                         text3        000000
__Ltext30                        text30       000000
__Ltext31                        text31       000000
__Ltext32                        text32       000000
__Ltext33                        text33       000000
__Ltext34                        text34       000000
__Ltext35                        text35       000000
__Ltext36                        text36       000000
__Ltext37                        text37       000000
__Ltext38                        text38       000000
__Ltext39                        text39       000000
__Ltext4                         text4        000000
__Ltext40                        text40       000000
__Ltext41                        text41       000000
__Ltext42                        text42       000000
__Ltext43                        text43       000000
__Ltext44                        text44       000000
__Ltext45                        text45       000000
__Ltext46                        text46       000000
__Ltext47                        text47       000000
__Ltext48                        text48       000000
__Ltext49                        text49       000000
__Ltext5                         text5        000000
__Ltext50                        text50       000000
__Ltext51                        text51       000000
__Ltext52                        text52       000000
__Ltext53                        text53       000000
__Ltext54                        text54       000000
__Ltext55                        text55       000000
__Ltext56                        text56       000000
__Ltext57                        text57       000000
__Ltext58                        text58       000000
__Ltext59                        text59       000000
__Ltext6                         text6        000000
__Ltext60                        text60       000000
__Ltext61                        text61       000000
__Ltext62                        text62       000000
__Ltext63                        text63       000000
__Ltext64                        text64       000000
__Ltext65                        text65       000000
__Ltext66                        text66       000000
__Ltext67                        text67       000000
__Ltext68                        text68       000000
__Ltext69                        text69       000000
__Ltext7                         text7        000000
__Ltext70                        text70       000000
__Ltext71                        text71       000000
__Ltext72                        text72       000000
__Ltext73                        text73       000000
__Ltext74                        text74       000000
__Ltext75                        text75       000000
__Ltext76                        text76       000000
__Ltext77                        text77       000000
__Ltext78                        text78       000000
__Ltext79                        text79       000000
__Ltext8                         text8        000000
__Ltext80                        text80       000000
__Ltext81                        text81       000000
__Ltext83                        text83       000000
__Ltext9                         text9        000000
__S0                             (abs)        002000
__S1                             (abs)        000150
__S4                             (abs)        000000
__S5                             (abs)        000000
___heap_hi                       (abs)        000000
___heap_lo                       (abs)        000000
___inthi_sp                      stack        000000
___intlo_sp                      stack        000000
___param_bank                    (abs)        000000
___rparam_used                   (abs)        000001
___sp                            stack        000000
__accesstop                      (abs)        000080
__activetblptr                   (abs)        000002
__end_ofPL10                     text14       000E80
__end_ofPL12                     text50       0003A6
__end_ofPL14                     text76       000B08
__end_ofPL16                     text13       00054A
__end_ofPL18                     text77       00115C
__end_ofPL2                      text81       00127C
__end_ofPL20                     text9        000944
__end_ofPL22                     text64       0012AA
__end_ofPL24                     text49       000DA2
__end_ofPL26                     text50       0003B4
__end_ofPL28                     text7        000A30
__end_ofPL30                     text47       000F72
__end_ofPL32                     text29       0001F0
__end_ofPL34                     text14       000E88
__end_ofPL36                     text14       000E90
__end_ofPL38                     text24       000D16
__end_ofPL4                      text76       000AF6
__end_ofPL40                     text56       0006D4
__end_ofPL42                     text36       001108
__end_ofPL44                     text50       0003BE
__end_ofPL46                     text76       000B12
__end_ofPL48                     text18       000828
__end_ofPL50                     text68       001242
__end_ofPL52                     text64       0012B4
__end_ofPL54                     text24       000D20
__end_ofPL56                     text48       000C9A
__end_ofPL58                     text52       0014DC
__end_ofPL6                      text47       000F66
__end_ofPL60                     text13       000552
__end_ofPL62                     text67       001524
__end_ofPL64                     text29       0001F8
__end_ofPL8                      text24       000D0A
__end_of_BUZZ_Init               text80       00148A
__end_of_BUZZ_Motor              text76       000AE4
__end_of_BUZZ_Play               text78       001550
__end_of_BUZZ_PlayMelody         text27       0014A6
__end_of_CNT_GetTime             text26       0015D8
__end_of_CNT_GetTimeArr          text25       0016C8
__end_of_CNT_Init                text75       001578
__end_of_CNT_ModifyTime          text44       0012E4
__end_of_CNT_Motor               text56       0006CE
__end_of_CNT_ResetTime           text11       001642
__end_of_CNT_ShowTime            text43       0015F4
__end_of_CantaData               text64       00129C
__end_of_CantaIR                 text70       0014C2
__end_of_CantaPartAlta           text72       00104A
__end_of_CantaPartBaixa          text71       000FDE
__end_of_EscriuPrimeraOrdre      text49       000D94
__end_of_Espera                  text69       00133E
__end_of_HighRSI                 intcode      000014
__end_of_JOY_Disable             text32       0016CC
__end_of_JOY_Enable              text60       0016B6
__end_of_JOY_GetMove             text42       00158A
__end_of_JOY_Init                text55       001682
__end_of_JOY_Motor               text54       0010AE
__end_of_KPAD_GetChar            text74       0011FC
__end_of_KPAD_INT_VALUES         mediumconst  001F01
__end_of_KPAD_Init               text53       0013E0
__end_of_KPAD_Motor              text50       000394
__end_of_KPAD_NOTES              mediumconst  001EDD
__end_of_KPAD_NO_SMS             mediumconst  001EE9
__end_of_KPAD_PRESSES            mediumconst  001EF5
__end_of_KPAD_SetSMS             text10       001638
__end_of_KPAD_StartInput         text59       00168A
__end_of_KPAD_StopInput          text73       0016BC
__end_of_KPAD_UnsetSMS           text58       0016B0
__end_of_LCD_Clear               text67       00151C
__end_of_LCD_CursorOff           text66       00166A
__end_of_LCD_CursorOn            text45       001656
__end_of_LCD_GotoXY              text63       000F06
__end_of_LCD_Init                text48       000C92
__end_of_LCD_IsAvailable         text65       001692
__end_of_LCD_Motor               text47       000F4C
__end_of_LCD_PreviewChar         text52       0014D4
__end_of_LCD_PutChar             text62       001408
__end_of_LCD_PutString           text61       0015BC
__end_of_MELODY                  mediumconst  001F0D
__end_of_MENU_Init               text46       001660
__end_of_MENU_Mostrar            text57       001564
__end_of_MENU_Motor              text29       0001E8
__end_of_MENU_OptionDown         text41       0015E6
__end_of_MENU_OptionUp           text40       0015AC
__end_of_MICRO_Init              text28       001618
__end_of_MICRO_ListenAndSend     text38       001368
__end_of_MICRO_Motor             text20       000BE8
__end_of_MQ_Clear                text31       001624
__end_of_MQ_Init                 text19       00160C
__end_of_MQ_Motor                text18       00081E
__end_of_MQ_PutString            text36       0010FE
__end_of_MRCD_Init               text17       0016C0
__end_of_MRCD_Mostrar            text35       001312
__end_of_MRCD_Motor              text13       00053E
__end_of_MRCD_OptionDown         text16       0015CA
__end_of_MRCD_OptionUp           text15       0013B8
__end_of_PORT_GetName            text34       0016D4
__end_of_PORT_Init               text12       00169E
__end_of_PORT_Mostrar            text33       0016D0
__end_of_PORT_Motor              text9        00093A
__end_of_RSI_Timer0              text83       00159C
__end_of_SAVE_Init               text8        001672
__end_of_SAVE_Motor              text7        000A22
__end_of_SAVE_PutRecording       text24       000CFA
__end_of_SIO_GetChar             text23       0016C4
__end_of_SIO_Init                text6        00153A
__end_of_SIO_PutChar             text39       00167A
__end_of_SIO_RXAvailable         text22       0016AA
__end_of_SIO_TXAvailable         text21       0016A4
__end_of_TI_CloseTimer           text4        001600
__end_of_TI_GetTics              text77       00114C
__end_of_TI_Init                 text5        00144E
__end_of_TI_NewTimer             text81       00126C
__end_of_TI_ResetTics            text79       00146C
__end_of_TI_Wait40ms             text3        001390
__end_of_WaitForBusy             text68       001238
__end_of__initialization         cinit        0011A0
__end_of_configADC               text2        00162E
__end_of_configInterrupts        text1        001698
__end_of_escombra                text51       00150C
__end_of_exitMenu                text30       00164C
__end_of_fillStrAux              text14       000E76
__end_of_main                    text0        000E1A
__end_of_strlen                  text37       00142C
__initialization                 cinit        00115C
__mediumconst                    mediumconst  001ED0
__pbssBANK0                      bssBANK0     000080
__pbssBANK1                      bssBANK1     000100
__pbssCOMRAM                     bssCOMRAM    000001
__pcinit                         cinit        00115C
__pcstackCOMRAM                  cstackCOMRAM 00005C
__pdataBANK0                     dataBANK0    0000C8
__pidataBANK0                    idataBANK0   0014DC
__pintcode                       intcode      000008
__pmediumconst                   mediumconst  001ED0
__ptext0                         text0        000DA2
__ptext1                         text1        001692
__ptext10                        text10       00162E
__ptext11                        text11       001638
__ptext12                        text12       001698
__ptext13                        text13       0003BE
__ptext14                        text14       000E1A
__ptext15                        text15       001390
__ptext16                        text16       0015BC
__ptext17                        text17       0016BC
__ptext18                        text18       0006D4
__ptext19                        text19       001600
__ptext2                         text2        001624
__ptext20                        text20       000B12
__ptext21                        text21       00169E
__ptext22                        text22       0016A4
__ptext23                        text23       0016C0
__ptext24                        text24       000C9A
__ptext25                        text25       0016C4
__ptext26                        text26       0015CA
__ptext27                        text27       00148A
__ptext28                        text28       00160C
__ptext29                        text29       000018
__ptext3                         text3        001368
__ptext30                        text30       001642
__ptext31                        text31       001618
__ptext32                        text32       0016C8
__ptext33                        text33       0016CC
__ptext34                        text34       0016D0
__ptext35                        text35       0012E4
__ptext36                        text36       0010AE
__ptext37                        text37       001408
__ptext38                        text38       00133E
__ptext39                        text39       001672
__ptext4                         text4        0015F4
__ptext40                        text40       00159C
__ptext41                        text41       0015D8
__ptext42                        text42       001578
__ptext43                        text43       0015E6
__ptext44                        text44       0012B4
__ptext45                        text45       00164C
__ptext46                        text46       001656
__ptext47                        text47       000F06
__ptext48                        text48       000BE8
__ptext49                        text49       000D20
__ptext5                         text5        00142C
__ptext50                        text50       0001F8
__ptext51                        text51       0014F4
__ptext52                        text52       0014C2
__ptext53                        text53       0013B8
__ptext54                        text54       00104A
__ptext55                        text55       00167A
__ptext56                        text56       000552
__ptext57                        text57       001550
__ptext58                        text58       0016AA
__ptext59                        text59       001682
__ptext6                         text6        001524
__ptext60                        text60       0016B0
__ptext61                        text61       0015AC
__ptext62                        text62       0013E0
__ptext63                        text63       000E90
__ptext64                        text64       00127C
__ptext65                        text65       00168A
__ptext66                        text66       001660
__ptext67                        text67       00150C
__ptext68                        text68       0011FC
__ptext69                        text69       001312
__ptext7                         text7        000944
__ptext70                        text70       0014A6
__ptext71                        text71       000F72
__ptext72                        text72       000FDE
__ptext73                        text73       0016B6
__ptext74                        text74       0011AE
__ptext75                        text75       001564
__ptext76                        text76       000A30
__ptext77                        text77       001108
__ptext78                        text78       00153A
__ptext79                        text79       00144E
__ptext8                         text8        00166A
__ptext80                        text80       00146C
__ptext81                        text81       001242
__ptext83                        text83       00158A
__ptext9                         text9        000828
__ramtop                         ramtop       000200
__smallconst                     smallconst   000000
_biggerSize                      bssCOMRAM    000022
_configADC                       text2        001624
_configInterrupts                text1        001692
_currentValue                    bssCOMRAM    00003D
_dutyCycle                       bssCOMRAM    00002A
_enabled                         bssCOMRAM    000030
_escombra                        text51       0014F4
_exitMenu                        text30       001642
_fillStrAux                      text14       000E1A
_index                           bssCOMRAM    000034
_index@TAD_SAVERECORDINGS$F1535  bssCOMRAM    000017
_indexAux                        bssCOMRAM    000019
_indexL1                         bssCOMRAM    000026
_indexL2                         bssCOMRAM    000025
_indexSent                       bssCOMRAM    000013
_lastMove                        bssCOMRAM    00002F
_main                            text0        000DA2
_melodyIndex                     bssCOMRAM    000028
_melodyPause                     bssCOMRAM    00000F
_modifyTime                      bssCOMRAM    00001D
_newID                           bssCOMRAM    000050
_numChars                        bssCOMRAM    000031
_numRecordings                   bssCOMRAM    000041
_option                          bssCOMRAM    000020
_option@TAD_MENURECORDINGS$F1580 bssCOMRAM    000014
_period                          bssCOMRAM    00002B
_playingMelody                   bssCOMRAM    000029
_portName                        bssCOMRAM    00004C
_pressCount                      bssCOMRAM    000039
_previousValue                   bssCOMRAM    00003C
_printNext                       bssCOMRAM    00001F
_ready                           bssCOMRAM    00003B
_ready@TAD_JOYSTICK$F1124        bssCOMRAM    00002E
_recordingField                  bssCOMRAM    000016
_recordings                      bssBANK0     000080
_rowValues                       bssCOMRAM    00003E
_sentSamples                     bssCOMRAM    000009
_showTime                        bssCOMRAM    00001C
_sizeL1                          bssCOMRAM    000024
_sizeL2                          bssCOMRAM    000023
_smsMode                         bssCOMRAM    00003F
_smsPressed                      bssCOMRAM    00003A
_state                           bssCOMRAM    000040
_state@TAD_BUZZER$F1215          bssCOMRAM    00002C
_state@TAD_COUNTER$F1357         bssCOMRAM    00001B
_state@TAD_JOYSTICK$F1125        bssCOMRAM    00002D
_state@TAD_LCD$F764              bssCOMRAM    000033
_state@TAD_MARQUESINA$F1253      bssCOMRAM    000027
_state@TAD_MENU$F1311            bssCOMRAM    000021
_state@TAD_MENURECORDINGS$F1579  bssCOMRAM    000015
_state@TAD_MICRO$F1460           bssCOMRAM    00001A
_state@TAD_PORT$F865             bssCOMRAM    000032
_state@TAD_SAVERECORDINGS$F1534  bssCOMRAM    000018
_str                             bssCOMRAM    000011
_strAux                          bssBANK0     0000BC
_strAux@TAD_COUNTER$F1352        bssCOMRAM    000042
_strL1                           bssCOMRAM    00000D
_strL2                           bssCOMRAM    00000B
_strlen                          text37       001408
_time                            bssCOMRAM    000048
_timeAux                         bssCOMRAM    000001
_timeAuxIndex                    bssCOMRAM    00001E
_timer                           bssCOMRAM    000055
_timerByeBye                     bssCOMRAM    000054
_timerHora                       bssCOMRAM    000053
_timerMelody                     bssCOMRAM    000056
_timerNote                       bssCOMRAM    000057
_timerPWM                        bssCOMRAM    000058
_timerRebots                     bssCOMRAM    00005A
_timerSms                        bssCOMRAM    00005B
_txTimer                         bssCOMRAM    000052
btemp                            temp         000077
end_of_initialization            cinit        0011A0
fillStrAux@opt                   cstackCOMRAM 00005C
int$flags                        temp         000077
intlevel0                        text         000000
intlevel1                        text         000000
intlevel2                        text         000000
intlevel3                        text         000000
isa$std                          (abs)        000001
isa$xinst                        (abs)        000000
stackhi                          (abs)        000000
stacklo                          (abs)        000000
start                            init         000014
start_initialization             cinit        00115C
strlen@i                         cstackCOMRAM 000060
strlen@s                         cstackCOMRAM 00005C
ttemp5                           temp         000078
ttemp6                           temp         00007B
ttemp7                           temp         00007F
wtemp8                           temp         000078


MODULE INFORMATION

Module		Function		Class		Link	Load	Size
TAD_SIO.c
		_SIO_TXAvailable		CODE           	169E	0000	6
		_SIO_Init      		CODE           	1524	0000	22
		_SIO_RXAvailable		CODE           	16A4	0000	6
		_SIO_GetChar   		CODE           	16C0	0000	4
		_SIO_PutChar   		CODE           	1672	0000	8

TAD_SIO.c estimated size: 46

TAD_COUNTER.c
		_CNT_GetTime   		CODE           	15CA	0000	14
		_CNT_GetTimeArr		CODE           	16C4	0000	4
		_CNT_ResetTime 		CODE           	1638	0000	10
		_CNT_Motor     		CODE           	0552	0000	380
		_CNT_ShowTime  		CODE           	15E6	0000	14
		_CNT_ModifyTime		CODE           	12B4	0000	48
		_CNT_Init      		CODE           	1564	0000	20

TAD_COUNTER.c estimated size: 490

TAD_MENU.c
		_MENU_Init     		CODE           	1656	0000	10
		_MENU_OptionDown		CODE           	15D8	0000	14
		_MENU_Motor    		CODE           	0018	0000	464
		_MENU_Mostrar  		CODE           	1550	0000	20
		_MENU_OptionUp 		CODE           	159C	0000	16
		_exitMenu      		CODE           	1642	0000	10

TAD_MENU.c estimated size: 534

TAD_MARQUESINA.c
		_strlen        		CODE           	1408	0000	36
		_MQ_Clear      		CODE           	1618	0000	12
		_MQ_Motor      		CODE           	06D4	0000	330
		_MQ_PutString  		CODE           	10AE	0000	80
		_MQ_Init       		CODE           	1600	0000	12

TAD_MARQUESINA.c estimated size: 470

TAD_JOYSTICK.c
		_JOY_Enable    		CODE           	16B0	0000	6
		_JOY_Init      		CODE           	167A	0000	8
		_JOY_GetMove   		CODE           	1578	0000	18
		_JOY_Disable   		CODE           	16C8	0000	4
		_JOY_Motor     		CODE           	104A	0000	100

TAD_JOYSTICK.c estimated size: 136

TAD_MENURECORDINGS.c
		_MRCD_OptionUp 		CODE           	1390	0000	40
		_MRCD_Init     		CODE           	16BC	0000	4
		_MRCD_OptionDown		CODE           	15BC	0000	14
		_MRCD_Motor    		CODE           	03BE	0000	384
		_MRCD_Mostrar  		CODE           	12E4	0000	46
		_fillStrAux    		CODE           	0E1A	0000	92

TAD_MENURECORDINGS.c estimated size: 580

TAD_KEYPAD.c
		_KPAD_StopInput		CODE           	16B6	0000	6
		_escombra      		CODE           	14F4	0000	24
		_KPAD_Init     		CODE           	13B8	0000	40
		_KPAD_Motor    		CODE           	01F8	0000	412
		_KPAD_StartInput		CODE           	1682	0000	8
		_KPAD_GetChar  		CODE           	11AE	0000	78
		_KPAD_UnsetSMS 		CODE           	16AA	0000	6
		_KPAD_SetSMS   		CODE           	162E	0000	10

TAD_KEYPAD.c estimated size: 584

TAD_SAVERECORDINGS.c
		_SAVE_Init     		CODE           	166A	0000	8
		_SAVE_Motor    		CODE           	0944	0000	222
		_SAVE_PutRecording		CODE           	0C9A	0000	96

TAD_SAVERECORDINGS.c estimated size: 326

shared
		PL12           		CODE           	0394	0000	18
		PL50           		CODE           	1238	0000	10
		PL8            		CODE           	0CFA	0000	16
		PL22           		CODE           	129C	0000	14
		PL60           		CODE           	054A	0000	8
		PL32           		CODE           	01E8	0000	8
		PL42           		CODE           	10FE	0000	10
		PL14           		CODE           	0AF6	0000	18
		PL52           		CODE           	12AA	0000	10
		PL24           		CODE           	0D94	0000	14
		PL62           		CODE           	151C	0000	8
		PL34           		CODE           	0E80	0000	8
		PL44           		CODE           	03B4	0000	10
		PL16           		CODE           	053E	0000	12
		PL54           		CODE           	0D16	0000	10
		PL26           		CODE           	03A6	0000	14
		PL64           		CODE           	01F0	0000	8
		PL36           		CODE           	0E88	0000	8
		PL46           		CODE           	0B08	0000	10
		PL18           		CODE           	114C	0000	16
		PL56           		CODE           	0C92	0000	8
		PL28           		CODE           	0A22	0000	14
		PL38           		CODE           	0D0A	0000	12
		PL48           		CODE           	081E	0000	10
		PL58           		CODE           	14D4	0000	8
		__initialization		CODE           	115C	0000	68
		_KPAD_PRESSES  		MEDIUMCONST    	1EE9	0000	12
		_MELODY        		MEDIUMCONST    	1F01	0000	12
		_KPAD_NOTES    		MEDIUMCONST    	1ED1	0000	12
		_KPAD_INT_VALUES		MEDIUMCONST    	1EF5	0000	12
		_KPAD_NO_SMS   		MEDIUMCONST    	1EDD	0000	12
		PL2            		CODE           	126C	0000	16
		PL10           		CODE           	0E76	0000	10
		PL4            		CODE           	0AE4	0000	18
		PL20           		CODE           	093A	0000	10
		PL30           		CODE           	0F66	0000	12
		PL6            		CODE           	0F4C	0000	26
		PL40           		CODE           	06CE	0000	6

shared estimated size: 508

TAD_LCD.c
		_LCD_Init      		CODE           	0BE8	0000	170
		_EscriuPrimeraOrdre		CODE           	0D20	0000	116
		_LCD_PutChar   		CODE           	13E0	0000	40
		_WaitForBusy   		CODE           	11FC	0000	60
		_LCD_PutString 		CODE           	15AC	0000	16
		_CantaData     		CODE           	127C	0000	32
		_LCD_PreviewChar		CODE           	14C2	0000	18
		_LCD_Clear     		CODE           	150C	0000	16
		_LCD_GotoXY    		CODE           	0E90	0000	118
		_CantaPartAlta 		CODE           	0FDE	0000	108
		_LCD_Motor     		CODE           	0F06	0000	70
		_LCD_CursorOn  		CODE           	164C	0000	10
		_LCD_CursorOff 		CODE           	1660	0000	10
		_Espera        		CODE           	1312	0000	44
		_CantaIR       		CODE           	14A6	0000	28
		_CantaPartBaixa		CODE           	0F72	0000	108
		_LCD_IsAvailable		CODE           	168A	0000	8

TAD_LCD.c estimated size: 972

TAD_BUZZER.c
		_BUZZ_Init     		CODE           	146C	0000	30
		_BUZZ_Play     		CODE           	153A	0000	22
		_BUZZ_Motor    		CODE           	0A30	0000	180
		_BUZZ_PlayMelody		CODE           	148A	0000	28

TAD_BUZZER.c estimated size: 260

TAD_TIMER.c
		_TI_ResetTics  		CODE           	144E	0000	30
		_TI_CloseTimer 		CODE           	15F4	0000	12
		_TI_NewTimer   		CODE           	1242	0000	42
		_RSI_Timer0    		CODE           	158A	0000	18
		_TI_Wait40ms   		CODE           	1368	0000	40
		_TI_Init       		CODE           	142C	0000	34
		_TI_GetTics    		CODE           	1108	0000	68

TAD_TIMER.c estimated size: 244

main.c
		_configADC     		CODE           	1624	0000	10
		_main          		CODE           	0DA2	0000	120
		_HighRSI       		CODE           	0008	0000	12
		_configInterrupts		CODE           	1692	0000	6

main.c estimated size: 148

TAD_PORT.c
		_PORT_Init     		CODE           	1698	0000	6
		_PORT_Motor    		CODE           	0828	0000	274
		_PORT_Mostrar  		CODE           	16CC	0000	4
		_PORT_GetName  		CODE           	16D0	0000	4

TAD_PORT.c estimated size: 288

TAD_MICRO.c
		_MICRO_Motor   		CODE           	0B12	0000	214
		_MICRO_ListenAndSend		CODE           	133E	0000	42
		_MICRO_Init    		CODE           	160C	0000	12

TAD_MICRO.c estimated size: 268

